{
 "config": {
  "chainId": 16561,
  "homesteadBlock": 0,
  "eip150Block": 0,
  "eip155Block": 0,
  "eip158Block": 0,
  "byzantiumBlock": 0,
  "constantinopleBlock": 0,
  "petersburgBlock": 0,
  "istanbulBlock": 0,
  "muirGlacierBlock": 0,
  "berlinBlock": 0,
  "londonBlock": 0,
  "arrowGlacierBlock": 0,
  "grayGlacierBlock": 0,
  "shanghaiTime": 0,
  "terminalTotalDifficulty": 0,
  "terminalTotalDifficultyPassed": true
 },
 "nonce": "0x0",
 "timestamp": "0x0",
 "extraData": "0x",
 "gasLimit": "0x47e7c4",
 "difficulty": "0x1",
 "mixHash": "0x0000000000000000000000000000000000000000000000000000000000000000",
 "coinbase": "0x0000000000000000000000000000000000000000",
 "alloc": {
  "0000000000000000000000000000000000000001": {
   "balance": "0x1"
  },
  "0000000000000000000000000000000000000002": {
   "balance": "0x1"
  },
  "0000000000000000000000000000000000000003": {
   "balance": "0x1"
  },
  "0000000000000000000000000000000000000004": {
   "balance": "0x1"
  },
  "0000000000000000000000000000000000000005": {
   "balance": "0x1"
  },
  "0000000000000000000000000000000000000006": {
   "balance": "0x1"
  },
  "0000000000000000000000000000000000000007": {
   "balance": "0x1"
  },
  "0000000000000000000000000000000000000008": {
   "balance": "0x1"
  },
  "0000000000000000000000000000000000000009": {
   "balance": "0x1"
  },
  "121e240000000000000000000000000000000002": {
   "code": "0x60806040526004361061001e5760003560e01c806398b1e06a14610023575b600080fd5b610036610031366004610206565b610038565b005b670de0b6b3a76400003410156100955760405162461bcd60e51b815260206004820152601e60248201527f4f6d6e695374616b653a206465706f73697420616d7420746f6f206c6f77000060448201526064015b60405180910390fd5b67ffffffffffffffff34106100ec5760405162461bcd60e51b815260206004820152601f60248201527f4f6d6e695374616b653a206465706f73697420616d7420746f6f206869676800604482015260640161008c565b6100f581610191565b6001600160a01b0316336001600160a01b0316146101555760405162461bcd60e51b815260206004820152601c60248201527f4f6d6e695374616b653a207075626b6579206e6f742073656e64657200000000604482015260640161008c565b7f3884ea6795b4d6e562e2ed70773e296848c9e2d02715686fe7adfc60e4d9abca81346040516101869291906102b7565b60405180910390a150565b600081516040146101e45760405162461bcd60e51b815260206004820181905260248201527f536563703235366b313a20696e76616c6964207075626b6579206c656e677468604482015260640161008c565b50805160209091012090565b634e487b7160e01b600052604160045260246000fd5b60006020828403121561021857600080fd5b813567ffffffffffffffff8082111561023057600080fd5b818401915084601f83011261024457600080fd5b813581811115610256576102566101f0565b604051601f8201601f19908116603f0116810190838211818310171561027e5761027e6101f0565b8160405282815287602084870101111561029757600080fd5b826020860160208301376000928101602001929092525095945050505050565b604081526000835180604084015260005b818110156102e557602081870181015160608684010152016102c8565b506000606082850101526060601f19601f830116840101915050826020830152939250505056fea2646970667358221220e4cb621aa1ab7792d1bdbcff49b2e5a26f0fb7449e0e048407ef3a561e51b12564736f6c63430008180033",
   "balance": "0x1"
  },
  "121e240000000000000000000000000000000004": {
   "code": "0x608060405234801561001057600080fd5b50600436106100935760003560e01c80638da5cb5b116100665780638da5cb5b146100e6578063a1a6d50814610101578063c2a1402d14610121578063c4d66de814610144578063f2fde38b1461015757600080fd5b806312465973146100985780631d8dce4d146100ad578063331b062a146100c0578063715018a6146100de575b600080fd5b6100ab6100a63660046110d0565b61016a565b005b6100ab6100bb36600461111f565b610448565b6100c86106f1565b6040516100d591906111e1565b60405180910390f35b6100ab610887565b6033546040516001600160a01b0390911681526020016100d5565b61011461010f36600461125a565b61089b565b6040516100d59190611277565b61013461012f36600461125a565b61098c565b60405190151581526020016100d5565b6100ab61015236600461128a565b6109a8565b6100ab61016536600461128a565b610ac3565b610172610b3c565b6065546001600160a01b03166101cf5760405162461bcd60e51b815260206004820152601960248201527f5852656769737472793a20706f7274616c206e6f74207365740000000000000060448201526064015b60405180910390fd5b60006101e1606083016040840161128a565b6001600160a01b0316036102375760405162461bcd60e51b815260206004820152601e60248201527f5852656769737472793a20706f7274616c206973207a65726f2061646472000060448201526064016101c6565b600081606001351161028b5760405162461bcd60e51b815260206004820152601f60248201527f5852656769737472793a206465706c6f79486569676874206973207a65726f0060448201526064016101c6565b6102a061029b602083018361125a565b610b96565b6065546001600160a01b031663e2947e546102be602084018461125a565b6040516001600160e01b031960e084901b1681526001600160401b039091166004820152602401600060405180830381600087803b1580156102ff57600080fd5b505af1158015610313573d6000803e3d6000fd5b506103389250610329915050602083018361125a565b6103336066610d6b565b610d7f565b610350610348602083018361125a565b606690610e91565b61039c5760405162461bcd60e51b815260206004820152601f60248201527f5852656769737472793a20636861696e20616c7265616479206578697374730060448201526064016101c6565b80606860006103ae602084018461125a565b6001600160401b0316815260208101919091526040016000206103d18282611458565b506103e19050602082018261125a565b6001600160401b03167f1ec5b8f876d132a91a4fe43d93a3c5d59f4ae25983b63bce6aa647b692bd76e661041860208401846112a7565b610428606086016040870161128a565b856060013560405161043d9493929190611511565b60405180910390a250565b610450610b3c565b6001600160a01b0382166104a65760405162461bcd60e51b815260206004820152601e60248201527f5852656769737472793a20706f7274616c206973207a65726f2061646472000060448201526064016101c6565b6065546001600160a01b0316156104ff5760405162461bcd60e51b815260206004820152601d60248201527f5852656769737472793a20706f7274616c20616c72656164792073657400000060448201526064016101c6565b6000811161054f5760405162461bcd60e51b815260206004820152601f60248201527f5852656769737472793a206465706c6f79486569676874206973207a65726f0060448201526064016101c6565b43811061059e5760405162461bcd60e51b815260206004820152601e60248201527f5852656769737472793a20667574757265206465706c6f79486569676874000060448201526064016101c6565b606580546001600160a01b0319166001600160a01b03841690811790915560408051608081018252466001600160401b031681528151808301835260048152636f6d6e6960e01b6020808301919091528201529081019190915260608101829052805161060d90606690610e91565b5080516001600160401b0390811660009081526068602090815260409091208351815467ffffffffffffffff191693169290921782558201518291906001820190610658908261155a565b506040828101516002830180546001600160a01b0319166001600160a01b03928316179055606090930151600390920191909155606554835191516338a51f9560e21b81526001600160401b0390921660048301529091169063e2947e5490602401600060405180830381600087803b1580156106d457600080fd5b505af11580156106e8573d6000803e3d6000fd5b50505050505050565b606060006106ff6066610ea6565b6001600160401b03811115610716576107166112f4565b60405190808252806020026020018201604052801561074f57816020015b61073c611096565b8152602001906001900390816107345790505b50905060005b61075f6066610ea6565b8110156108815760686000610775606684610eb1565b6001600160401b03908116825260208083019390935260409182016000208251608081019093528054909116825260018101805492939192918401916107ba9061130a565b80601f01602080910402602001604051908101604052809291908181526020018280546107e69061130a565b80156108335780601f1061080857610100808354040283529160200191610833565b820191906000526020600020905b81548152906001019060200180831161081657829003601f168201915b505050918352505060028201546001600160a01b03166020820152600390910154604090910152825183908390811061086e5761086e611619565b6020908102919091010152600101610755565b50919050565b61088f610b3c565b6108996000610ebd565b565b6108a3611096565b6001600160401b0380831660009081526068602090815260409182902082516080810190935280549093168252600183018054929392918401916108e69061130a565b80601f01602080910402602001604051908101604052809291908181526020018280546109129061130a565b801561095f5780601f106109345761010080835404028352916020019161095f565b820191906000526020600020905b81548152906001019060200180831161094257829003601f168201915b505050918352505060028201546001600160a01b0316602082015260039091015460409091015292915050565b60006109a260666001600160401b038416610f0f565b92915050565b600054610100900460ff16158080156109c85750600054600160ff909116105b806109e25750303b1580156109e2575060005460ff166001145b610a455760405162461bcd60e51b815260206004820152602e60248201527f496e697469616c697a61626c653a20636f6e747261637420697320616c72656160448201526d191e481a5b9a5d1a585b1a5e995960921b60648201526084016101c6565b6000805460ff191660011790558015610a68576000805461ff0019166101001790555b610a7182610ebd565b610a79610f1b565b8015610abf576000805461ff0019169055604051600181527f7f26b83ff96e1f2b6a682f133852f6798a09c465da95921460cefb38474024989060200160405180910390a15b5050565b610acb610b3c565b6001600160a01b038116610b305760405162461bcd60e51b815260206004820152602660248201527f4f776e61626c653a206e6577206f776e657220697320746865207a65726f206160448201526564647265737360d01b60648201526084016101c6565b610b3981610ebd565b50565b6033546001600160a01b031633146108995760405162461bcd60e51b815260206004820181905260248201527f4f776e61626c653a2063616c6c6572206973206e6f7420746865206f776e657260448201526064016101c6565b60005b610ba36066610ea6565b811015610abf576000610bb7606683610eb1565b9050606560009054906101000a90046001600160a01b03166001600160a01b0316639a8a05926040518163ffffffff1660e01b8152600401602060405180830381865afa158015610c0c573d6000803e3d6000fd5b505050506040513d601f19601f82011682018060405250810190610c30919061162f565b6001600160401b0316816001600160401b031603610c4e5750610d63565b60655460408051632d9aa34960e01b815290516001600160a01b03909216916370e8b56a9184918491632d9aa3499160048083019260209291908290030181865afa158015610ca1573d6000803e3d6000fd5b505050506040513d601f19601f82011682018060405250810190610cc5919061164c565b6040516001600160401b03881660248201526338a51f9560e21b9060440160408051601f198184030181529181526020820180516001600160e01b03166001600160e01b03199485161790525160e086901b9092168252610d2f93929162030d4090600401611669565b600060405180830381600087803b158015610d4957600080fd5b505af1158015610d5d573d6000803e3d6000fd5b50505050505b600101610b99565b60606000610d7883610f4a565b9392505050565b60655460408051632d9aa34960e01b815290516001600160a01b03909216916370e8b56a9185918491632d9aa3499160048083019260209291908290030181865afa158015610dd2573d6000803e3d6000fd5b505050506040513d601f19601f82011682018060405250810190610df6919061164c565b604051627e23a960e31b90610e0f9087906024016116ae565b60408051601f198184030181529181526020820180516001600160e01b03166001600160e01b03199485161790525160e086901b9092168252610e5b93929162030d4090600401611669565b600060405180830381600087803b158015610e7557600080fd5b505af1158015610e89573d6000803e3d6000fd5b505050505050565b6000610d78836001600160401b038416610f57565b60006109a282610f63565b6000610d788383610f6d565b603380546001600160a01b038381166001600160a01b0319831681179093556040519116919082907f8be0079c531659141344cd1fd0a4f28419497f9722a3daafe3b4186f6b6457e090600090a35050565b6000610d788383610f79565b600054610100900460ff16610f425760405162461bcd60e51b81526004016101c6906116fb565b610899610f91565b60606000610d7883610fc1565b6000610d78838361101d565b60006109a2825490565b6000610d78838361106c565b60008181526001830160205260408120541515610d78565b600054610100900460ff16610fb85760405162461bcd60e51b81526004016101c6906116fb565b61089933610ebd565b60608160000180548060200260200160405190810160405280929190818152602001828054801561101157602002820191906000526020600020905b815481526020019060010190808311610ffd575b50505050509050919050565b6000818152600183016020526040812054611064575081546001818101845560008481526020808220909301849055845484825282860190935260409020919091556109a2565b5060006109a2565b600082600001828154811061108357611083611619565b9060005260206000200154905092915050565b604051806080016040528060006001600160401b031681526020016060815260200160006001600160a01b03168152602001600081525090565b6000602082840312156110e257600080fd5b81356001600160401b038111156110f857600080fd5b820160808185031215610d7857600080fd5b6001600160a01b0381168114610b3957600080fd5b6000806040838503121561113257600080fd5b823561113d8161110a565b946020939093013593505050565b6000815180845260005b8181101561117157602081850181015186830182015201611155565b506000602082860101526020601f19601f83011685010191505092915050565b6001600160401b03815116825260006020820151608060208501526111b9608085018261114b565b6040848101516001600160a01b03169086015260609384015193909401929092525090919050565b600060208083016020845280855180835260408601915060408160051b87010192506020870160005b8281101561123857603f19888603018452611226858351611191565b9450928501929085019060010161120a565b5092979650505050505050565b6001600160401b0381168114610b3957600080fd5b60006020828403121561126c57600080fd5b8135610d7881611245565b602081526000610d786020830184611191565b60006020828403121561129c57600080fd5b8135610d788161110a565b6000808335601e198436030181126112be57600080fd5b8301803591506001600160401b038211156112d857600080fd5b6020019150368190038213156112ed57600080fd5b9250929050565b634e487b7160e01b600052604160045260246000fd5b600181811c9082168061131e57607f821691505b60208210810361088157634e487b7160e01b600052602260045260246000fd5b601f821115611386576000816000526020600020601f850160051c810160208610156113675750805b601f850160051c820191505b81811015610e8957828155600101611373565b505050565b6001600160401b038311156113a2576113a26112f4565b6113b6836113b0835461130a565b8361133e565b6000601f8411600181146113ea57600085156113d25750838201355b600019600387901b1c1916600186901b178355611444565b600083815260209020601f19861690835b8281101561141b57868501358255602094850194600190920191016113fb565b50868210156114385760001960f88860031b161c19848701351681555b505060018560011b0183555b5050505050565b600081356109a28161110a565b813561146381611245565b815467ffffffffffffffff19166001600160401b0391821617825560208301359036849003601e1901821261149757600080fd5b908301908135818111156114aa57600080fd5b6020830192508036038313156114bf57600080fd5b6114cd81846001870161138b565b5050506115036114df6040840161144b565b6002830180546001600160a01b0319166001600160a01b0392909216919091179055565b606082013560038201555050565b6060815283606082015283856080830137600060808583018101919091526001600160a01b039390931660208201526040810191909152601f909201601f191690910101919050565b81516001600160401b03811115611573576115736112f4565b61158781611581845461130a565b8461133e565b602080601f8311600181146115bc57600084156115a45750858301515b600019600386901b1c1916600185901b178555610e89565b600085815260208120601f198616915b828110156115eb578886015182559484019460019091019084016115cc565b50858210156116095787850151600019600388901b60f8161c191681555b5050505050600190811b01905550565b634e487b7160e01b600052603260045260246000fd5b60006020828403121561164157600080fd5b8151610d7881611245565b60006020828403121561165e57600080fd5b8151610d788161110a565b60006001600160401b03808716835260018060a01b03861660208401526080604084015261169a608084018661114b565b915080841660608401525095945050505050565b6020808252825182820181905260009190848201906040850190845b818110156116ef5783516001600160401b0316835292840192918401916001016116ca565b50909695505050505050565b6020808252602b908201527f496e697469616c697a61626c653a20636f6e7472616374206973206e6f74206960408201526a6e697469616c697a696e6760a81b60608201526080019056fea26469706673582212209f6a1459713598fcdd4fef8640ba44dec4a37d790499206e46bfd276afc305e964736f6c63430008180033",
   "balance": "0x1"
  },
  "14dc79964da2c08b23698b3d3cc7ca32193d9955": {
   "balance": "0xd3c21bcecceda1000000"
  },
  "15d34aaf54267db7d7c367839aaf71a00a2c6a65": {
   "balance": "0xd3c21bcecceda1000000"
  },
  "23618e81e3f5cdf7f54c3d65f7fbc0abf5b21e8f": {
   "balance": "0xd3c21bcecceda1000000"
  },
  "3c44cdddb6a900fa2b585dd299e03d12fa4293bc": {
   "balance": "0xd3c21bcecceda1000000"
  },
  "70997970c51812dc3a010c7d01b50e0d17dc79c8": {
   "balance": "0xd3c21bcecceda1000000"
  },
  "7a6cf389082dc698285474976d7c75cade08ab7e": {
   "balance": "0xd3c21bcecceda1000000"
  },
  "90f79bf6eb2c4f870365e785982e1f101e93b906": {
   "balance": "0xd3c21bcecceda1000000"
  },
  "976ea74026e726554db657fa54763abd0c3a0aa9": {
   "balance": "0xd3c21bcecceda1000000"
  },
  "9965507d1a55bcc2695c58ba16fb37d819b0a4dc": {
   "balance": "0xd3c21bcecceda1000000"
  },
  "a0ee7a142d267c1f36714e4a8f75612f20a79720": {
   "balance": "0xd3c21bcecceda1000000"
  },
  "f39fd6e51aad88f6f4ce6ab8827279cfffb92266": {
   "balance": "0xd3c21bcecceda1000000"
  },
  "fc9d554d69ddcfc0a731b2dc64550177b0723be5": {
   "balance": "0xd3c21bcecceda1000000"
  },
  "fe921e06ed0a22c035b4acff0a5d3a434a330c96": {
   "balance": "0xd3c21bcecceda1000000"
  }
 },
 "number": "0x0",
 "gasUsed": "0x0",
 "parentHash": "0x0000000000000000000000000000000000000000000000000000000000000000",
 "baseFeePerGas": "0x3b9aca00",
 "excessBlobGas": null,
 "blobGasUsed": null
}